This is pdfTeX, Version 3.141592653-2.6-1.40.29 (TeX Live 2026) (preloaded format=pdflatex 2026.4.6)  15 APR 2026 00:48
entering extended mode
 restricted \write18 enabled.
 %&-line parsing enabled.
**main.tex
(./main.tex
LaTeX2e <2025-11-01>
L3 programming layer <2026-01-19>
(/usr/local/texlive/2026basic/texmf-dist/tex/latex/base/article.cls
Document Class: article 2025/01/22 v1.4n Standard LaTeX document class
(/usr/local/texlive/2026basic/texmf-dist/tex/latex/base/size11.clo
File: size11.clo 2025/01/22 v1.4n Standard LaTeX file (size option)
)
\c@part=\count275
\c@section=\count276
\c@subsection=\count277
\c@subsubsection=\count278
\c@paragraph=\count279
\c@subparagraph=\count280
\c@figure=\count281
\c@table=\count282
\abovecaptionskip=\skip49
\belowcaptionskip=\skip50
\bibindent=\dimen148
) (/Users/kagangul2501/Library/texmf/tex/latex/geometry/geometry.sty
Package: geometry 2026/03/07 v6.0 Page Geometry
(/usr/local/texlive/2026basic/texmf-dist/tex/latex/graphics/keyval.sty
Package: keyval 2022/05/29 v1.15 key=value parser (DPC)
\KV@toks@=\toks17
) (/usr/local/texlive/2026basic/texmf-dist/tex/generic/iftex/ifvtex.sty
Package: ifvtex 2019/10/25 v1.7 ifvtex legacy package. Use iftex instead.
(/usr/local/texlive/2026basic/texmf-dist/tex/generic/iftex/iftex.sty
Package: iftex 2024/12/12 v1.0g TeX engine tests
))
\Gm@cnth=\count283
\Gm@cntv=\count284
\c@Gm@tempcnt=\count285
\Gm@bindingoffset=\dimen149
\Gm@wd@mp=\dimen150
\Gm@odd@mp=\dimen151
\Gm@even@mp=\dimen152
\Gm@layoutwidth=\dimen153
\Gm@layoutheight=\dimen154
\Gm@layouthoffset=\dimen155
\Gm@layoutvoffset=\dimen156
\Gm@dimlist=\toks18
) (/Users/kagangul2501/Library/texmf/tex/latex/amsmath/amsmath.sty
Package: amsmath 2025/07/09 v2.17z AMS math features
\@mathmargin=\skip51
For additional information on amsmath, use the `?' option.
(/Users/kagangul2501/Library/texmf/tex/latex/amsmath/amstext.sty
Package: amstext 2024/11/17 v2.01 AMS text
(/Users/kagangul2501/Library/texmf/tex/latex/amsmath/amsgen.sty
File: amsgen.sty 1999/11/30 v2.0 generic functions
\@emptytoks=\toks19
\ex@=\dimen157
)) (/Users/kagangul2501/Library/texmf/tex/latex/amsmath/amsbsy.sty
Package: amsbsy 1999/11/29 v1.2d Bold Symbols
\pmbraise@=\dimen158
) (/Users/kagangul2501/Library/texmf/tex/latex/amsmath/amsopn.sty
Package: amsopn 2022/04/08 v2.04 operator names
)
\inf@bad=\count286
LaTeX Info: Redefining \frac on input line 233.
\uproot@=\count287
\leftroot@=\count288
LaTeX Info: Redefining \overline on input line 398.
LaTeX Info: Redefining \colon on input line 409.
\classnum@=\count289
\DOTSCASE@=\count290
LaTeX Info: Redefining \ldots on input line 495.
LaTeX Info: Redefining \dots on input line 498.
LaTeX Info: Redefining \cdots on input line 619.
\Mathstrutbox@=\box53
\strutbox@=\box54
LaTeX Info: Redefining \big on input line 721.
LaTeX Info: Redefining \Big on input line 722.
LaTeX Info: Redefining \bigg on input line 723.
LaTeX Info: Redefining \Bigg on input line 724.
\big@size=\dimen159
LaTeX Font Info:    Redeclaring font encoding OML on input line 742.
LaTeX Font Info:    Redeclaring font encoding OMS on input line 743.
\macc@depth=\count291
LaTeX Info: Redefining \bmod on input line 904.
LaTeX Info: Redefining \pmod on input line 909.
LaTeX Info: Redefining \smash on input line 939.
LaTeX Info: Redefining \relbar on input line 969.
LaTeX Info: Redefining \Relbar on input line 970.
\c@MaxMatrixCols=\count292
\dotsspace@=\muskip17
\c@parentequation=\count293
\dspbrk@lvl=\count294
\tag@help=\toks20
\row@=\count295
\column@=\count296
\maxfields@=\count297
\andhelp@=\toks21
\eqnshift@=\dimen160
\alignsep@=\dimen161
\tagshift@=\dimen162
\tagwidth@=\dimen163
\totwidth@=\dimen164
\lineht@=\dimen165
\@envbody=\toks22
\multlinegap=\skip52
\multlinetaggap=\skip53
\mathdisplay@stack=\toks23
LaTeX Info: Redefining \[ on input line 2950.
LaTeX Info: Redefining \] on input line 2951.
) (/Users/kagangul2501/Library/texmf/tex/latex/amsfonts/amssymb.sty
Package: amssymb 2013/01/14 v3.01 AMS font symbols
(/Users/kagangul2501/Library/texmf/tex/latex/amsfonts/amsfonts.sty
Package: amsfonts 2013/01/14 v3.01 Basic AMSFonts support
\symAMSa=\mathgroup4
\symAMSb=\mathgroup5
LaTeX Font Info:    Redeclaring math symbol \hbar on input line 98.
LaTeX Font Info:    Overwriting math alphabet `\mathfrak' in version `bold'
(Font)                  U/euf/m/n --> U/euf/b/n on input line 106.
)) (/Users/kagangul2501/Library/texmf/tex/latex/microtype/microtype.sty
Package: microtype 2026/03/01 v3.2d Micro-typographical refinements (RS)
(/Users/kagangul2501/Library/texmf/tex/latex/etoolbox/etoolbox.sty
Package: etoolbox 2025/10/02 v2.5m e-TeX tools for LaTeX (JAW)
\etb@tempcnta=\count298
)
\MT@toks=\toks24
\MT@tempbox=\box55
\MT@count=\count299
LaTeX Info: Redefining \noprotrusionifhmode on input line 1084.
LaTeX Info: Redefining \leftprotrusion on input line 1085.
\MT@prot@toks=\toks25
LaTeX Info: Redefining \rightprotrusion on input line 1104.
LaTeX Info: Redefining \textls on input line 1449.
\MT@outer@kern=\dimen166
LaTeX Info: Redefining \microtypecontext on input line 2053.
LaTeX Info: Redefining \textmicrotypecontext on input line 2070.
\MT@listname@count=\count300
(/Users/kagangul2501/Library/texmf/tex/latex/microtype/microtype-pdftex.def
File: microtype-pdftex.def 2026/03/01 v3.2d Definitions specific to pdftex (RS)

LaTeX Info: Redefining \lsstyle on input line 944.
LaTeX Info: Redefining \lslig on input line 944.
\MT@outer@space=\skip54
)
Package microtype Info: Loading configuration file microtype.cfg.
(/Users/kagangul2501/Library/texmf/tex/latex/microtype/microtype.cfg
File: microtype.cfg 2026/03/01 v3.2d microtype main configuration file (RS)
)
LaTeX Info: Redefining \microtypesetup on input line 3065.
) (/Users/kagangul2501/Library/texmf/tex/latex/booktabs/booktabs.sty
Package: booktabs 2020/01/12 v1.61803398 Publication quality tables
\heavyrulewidth=\dimen167
\lightrulewidth=\dimen168
\cmidrulewidth=\dimen169
\belowrulesep=\dimen170
\belowbottomsep=\dimen171
\aboverulesep=\dimen172
\abovetopsep=\dimen173
\cmidrulesep=\dimen174
\cmidrulekern=\dimen175
\defaultaddspace=\dimen176
\@cmidla=\count301
\@cmidlb=\count302
\@aboverulesep=\dimen177
\@belowrulesep=\dimen178
\@thisruleclass=\count303
\@lastruleclass=\count304
\@thisrulewidth=\dimen179
) (/Users/kagangul2501/Library/texmf/tex/latex/adjustbox/adjustbox.sty
Package: adjustbox 2025/02/26 v1.3c Adjusting TeX boxes (trim, clip, ...)
(/usr/local/texlive/2026basic/texmf-dist/tex/latex/xkeyval/xkeyval.sty
Package: xkeyval 2025/11/04 v2.10 package option processing (HA)
(/usr/local/texlive/2026basic/texmf-dist/tex/generic/xkeyval/xkeyval.tex (/usr/
local/texlive/2026basic/texmf-dist/tex/generic/xkeyval/xkvutils.tex
\XKV@toks=\toks26
\XKV@tempa@toks=\toks27
\XKV@tempb@toks=\toks28
)
\XKV@depth=\count305
File: xkeyval.tex 2014/12/03 v2.7a key=value parser (HA)
)) (/Users/kagangul2501/Library/texmf/tex/latex/adjustbox/adjcalc.sty
Package: adjcalc 2012/05/16 v1.1 Provides advanced setlength with multiple back
-ends (calc, etex, pgfmath)
) (/Users/kagangul2501/Library/texmf/tex/latex/adjustbox/trimclip.sty
Package: trimclip 2025/02/21 v1.2a Trim and clip general TeX material
(/usr/local/texlive/2026basic/texmf-dist/tex/latex/graphics/graphicx.sty
Package: graphicx 2024/12/31 v1.2e Enhanced LaTeX Graphics (DPC,SPQR)
(/usr/local/texlive/2026basic/texmf-dist/tex/latex/graphics/graphics.sty
Package: graphics 2024/08/06 v1.4g Standard LaTeX Graphics (DPC,SPQR)
(/usr/local/texlive/2026basic/texmf-dist/tex/latex/graphics/trig.sty
Package: trig 2023/12/02 v1.11 sin cos tan (DPC)
) (/usr/local/texlive/2026basic/texmf-dist/tex/latex/graphics-cfg/graphics.cfg
File: graphics.cfg 2016/06/04 v1.11 sample graphics configuration
)
Package graphics Info: Driver file: pdftex.def on input line 106.
(/usr/local/texlive/2026basic/texmf-dist/tex/latex/graphics-def/pdftex.def
File: pdftex.def 2025/09/29 v1.2d Graphics/color driver for pdftex
))
\Gin@req@height=\dimen180
\Gin@req@width=\dimen181
) (/usr/local/texlive/2026basic/texmf-dist/tex/latex/collectbox/collectbox.sty
Package: collectbox 2022/10/17 v0.4c Collect macro arguments as boxes
\collectedbox=\box56
)
\tc@llx=\dimen182
\tc@lly=\dimen183
\tc@urx=\dimen184
\tc@ury=\dimen185
Package trimclip Info: Using driver 'tc-pdftex.def'.
(/Users/kagangul2501/Library/texmf/tex/latex/adjustbox/tc-pdftex.def
File: tc-pdftex.def 2025/02/26 v2.3 Clipping driver for pdftex
))
\adjbox@Width=\dimen186
\adjbox@Height=\dimen187
\adjbox@Depth=\dimen188
\adjbox@Totalheight=\dimen189
\adjbox@pwidth=\dimen190
\adjbox@pheight=\dimen191
\adjbox@pdepth=\dimen192
\adjbox@ptotalheight=\dimen193
) (/Users/kagangul2501/Library/texmf/tex/latex/tools/array.sty
Package: array 2025/09/25 v2.6n Tabular extension package (FMi)
\col@sep=\dimen194
\ar@mcellbox=\box57
\extrarowheight=\dimen195
\NC@list=\toks29
\extratabsurround=\skip55
\backup@length=\skip56
\ar@cellbox=\box58
) (/Users/kagangul2501/Library/texmf/tex/latex/multirow/multirow.sty
Package: multirow 2024/11/12 v2.9 Span multiple rows of a table
\multirow@colwidth=\skip57
\multirow@cntb=\count306
\multirow@dima=\skip58
\bigstrutjot=\dimen196
) (/Users/kagangul2501/Library/texmf/tex/latex/enumitem/enumitem.sty
Package: enumitem 2025/02/06 v3.11 Customized lists
\labelindent=\skip59
\enit@outerparindent=\dimen197
\enit@toks=\toks30
\enit@inbox=\box59
\enit@count@id=\count307
\enitdp@description=\count308
) (/Users/kagangul2501/Library/texmf/tex/latex/float/float.sty
Package: float 2001/11/08 v1.3d Float enhancements (AL)
\c@float@type=\count309
\float@exts=\toks31
\float@box=\box60
\@float@everytoks=\toks32
\@floatcapt=\box61
) (/Users/kagangul2501/Library/texmf/tex/latex/caption/caption.sty
Package: caption 2023/08/05 v3.6o Customizing captions (AR)
(/Users/kagangul2501/Library/texmf/tex/latex/caption/caption3.sty
Package: caption3 2023/07/31 v2.4d caption3 kernel (AR)
\caption@tempdima=\dimen198
\captionmargin=\dimen199
\caption@leftmargin=\dimen256
\caption@rightmargin=\dimen257
\caption@width=\dimen258
\caption@indent=\dimen259
\caption@parindent=\dimen260
\caption@hangindent=\dimen261
Package caption Info: Standard document class detected.
)
\c@caption@flags=\count310
\c@continuedfloat=\count311
Package caption Info: float package is loaded.
) (/Users/kagangul2501/Library/texmf/tex/latex/caption/subcaption.sty
Package: subcaption 2023/07/28 v1.6b Sub-captions (AR)
Package caption Info: New subtype `subfigure' on input line 238.
\c@subfigure=\count312
Package caption Info: New subtype `subtable' on input line 238.
\c@subtable=\count313
) (/Users/kagangul2501/Library/texmf/tex/latex/xcolor/xcolor.sty
Package: xcolor 2024/09/29 v3.02 LaTeX color extensions (UK)
(/usr/local/texlive/2026basic/texmf-dist/tex/latex/graphics-cfg/color.cfg
File: color.cfg 2016/01/02 v1.6 sample color configuration
)
Package xcolor Info: Driver file: pdftex.def on input line 274.
(/usr/local/texlive/2026basic/texmf-dist/tex/latex/graphics/mathcolor.ltx)
Package xcolor Info: Model `cmy' substituted by `cmy0' on input line 1349.
Package xcolor Info: Model `hsb' substituted by `rgb' on input line 1353.
Package xcolor Info: Model `RGB' extended on input line 1365.
Package xcolor Info: Model `HTML' substituted by `rgb' on input line 1367.
Package xcolor Info: Model `Hsb' substituted by `hsb' on input line 1368.
Package xcolor Info: Model `tHsb' substituted by `hsb' on input line 1369.
Package xcolor Info: Model `HSB' substituted by `hsb' on input line 1370.
Package xcolor Info: Model `Gray' substituted by `gray' on input line 1371.
Package xcolor Info: Model `wave' substituted by `hsb' on input line 1372.
) (/Users/kagangul2501/Library/texmf/tex/latex/appendix/appendix.sty
Package: appendix 2020/02/08 v1.2c extra appendix facilities
\c@@pps=\count314
\c@@ppsavesec=\count315
\c@@ppsaveapp=\count316
) (/Users/kagangul2501/Library/texmf/tex/latex/hyperref/hyperref.sty
Package: hyperref 2026-01-29 v7.01p Hypertext links for LaTeX
(/usr/local/texlive/2026basic/texmf-dist/tex/latex/kvsetkeys/kvsetkeys.sty
Package: kvsetkeys 2022-10-05 v1.19 Key value parser (HO)
)
(/usr/local/texlive/2026basic/texmf-dist/tex/generic/kvdefinekeys/kvdefinekeys.
sty
Package: kvdefinekeys 2019-12-19 v1.6 Define keys (HO)
) (/usr/local/texlive/2026basic/texmf-dist/tex/generic/pdfescape/pdfescape.sty
Package: pdfescape 2019/12/09 v1.15 Implements pdfTeX's escape features (HO)
(/usr/local/texlive/2026basic/texmf-dist/tex/generic/ltxcmds/ltxcmds.sty
Package: ltxcmds 2023-12-04 v1.26 LaTeX kernel commands for general use (HO)
) (/usr/local/texlive/2026basic/texmf-dist/tex/generic/pdftexcmds/pdftexcmds.st
y
Package: pdftexcmds 2020-06-27 v0.33 Utility functions of pdfTeX for LuaTeX (HO
)
(/usr/local/texlive/2026basic/texmf-dist/tex/generic/infwarerr/infwarerr.sty
Package: infwarerr 2019/12/03 v1.5 Providing info/warning/error messages (HO)
)
Package pdftexcmds Info: \pdf@primitive is available.
Package pdftexcmds Info: \pdf@ifprimitive is available.
Package pdftexcmds Info: \pdfdraftmode found.
)) (/usr/local/texlive/2026basic/texmf-dist/tex/latex/hycolor/hycolor.sty
Package: hycolor 2020-01-27 v1.10 Color options for hyperref/bookmark (HO)
) (/Users/kagangul2501/Library/texmf/tex/latex/hyperref/nameref.sty
Package: nameref 2026-01-29 v2.58 Cross-referencing by name of section
(/usr/local/texlive/2026basic/texmf-dist/tex/latex/refcount/refcount.sty
Package: refcount 2019/12/15 v3.6 Data extraction from label references (HO)
)
(/usr/local/texlive/2026basic/texmf-dist/tex/generic/gettitlestring/gettitlestr
ing.sty
Package: gettitlestring 2019/12/15 v1.6 Cleanup title references (HO)
(/usr/local/texlive/2026basic/texmf-dist/tex/latex/kvoptions/kvoptions.sty
Package: kvoptions 2022-06-15 v3.15 Key value format for package options (HO)
))
\c@section@level=\count317
) (/usr/local/texlive/2026basic/texmf-dist/tex/generic/stringenc/stringenc.sty
Package: stringenc 2019/11/29 v1.12 Convert strings between diff. encodings (HO
)
)
\@linkdim=\dimen262
\Hy@linkcounter=\count318
\Hy@pagecounter=\count319
(/Users/kagangul2501/Library/texmf/tex/latex/hyperref/pd1enc.def
File: pd1enc.def 2026-01-29 v7.01p Hyperref: PDFDocEncoding definition (HO)
Now handling font encoding PD1 ...
... no UTF-8 mapping file for font encoding PD1
) (/usr/local/texlive/2026basic/texmf-dist/tex/generic/intcalc/intcalc.sty
Package: intcalc 2019/12/15 v1.3 Expandable calculations with integers (HO)
)
\Hy@SavedSpaceFactor=\count320
(/Users/kagangul2501/Library/texmf/tex/latex/hyperref/puenc.def
File: puenc.def 2026-01-29 v7.01p Hyperref: PDF Unicode definition (HO)
Now handling font encoding PU ...
... no UTF-8 mapping file for font encoding PU
)
Package hyperref Info: Option `colorlinks' set `true' on input line 4072.
Package hyperref Info: Hyper figures OFF on input line 4201.
Package hyperref Info: Link nesting OFF on input line 4206.
Package hyperref Info: Hyper index ON on input line 4209.
Package hyperref Info: Plain pages OFF on input line 4216.
Package hyperref Info: Backreferencing OFF on input line 4221.
Package hyperref Info: Implicit mode ON; LaTeX internals redefined.
Package hyperref Info: Bookmarks ON on input line 4468.
\c@Hy@tempcnt=\count321
(/usr/local/texlive/2026basic/texmf-dist/tex/latex/url/url.sty
\Urlmuskip=\muskip18
Package: url 2013/09/16  ver 3.4  Verb mode for urls, etc.
)
LaTeX Info: Redefining \url on input line 4807.
\XeTeXLinkMargin=\dimen263
(/usr/local/texlive/2026basic/texmf-dist/tex/generic/bitset/bitset.sty
Package: bitset 2019/12/09 v1.3 Handle bit-vector datatype (HO)
(/usr/local/texlive/2026basic/texmf-dist/tex/generic/bigintcalc/bigintcalc.sty
Package: bigintcalc 2019/12/15 v1.5 Expandable calculations on big integers (HO
)
))
\Fld@menulength=\count322
\Field@Width=\dimen264
\Fld@charsize=\dimen265
Package hyperref Info: Hyper figures OFF on input line 6084.
Package hyperref Info: Link nesting OFF on input line 6089.
Package hyperref Info: Hyper index ON on input line 6092.
Package hyperref Info: backreferencing OFF on input line 6099.
Package hyperref Info: Link coloring ON on input line 6102.
Package hyperref Info: Link coloring with OCG OFF on input line 6109.
Package hyperref Info: PDF/A mode OFF on input line 6114.
\Hy@abspage=\count323
\c@Item=\count324
\c@Hfootnote=\count325
)
Package hyperref Info: Driver (autodetected): hpdftex.
(/Users/kagangul2501/Library/texmf/tex/latex/hyperref/hpdftex.def
File: hpdftex.def 2026-01-29 v7.01p Hyperref driver for pdfTeX
\Fld@listcount=\count326
\c@bookmark@seq@number=\count327

(/usr/local/texlive/2026basic/texmf-dist/tex/latex/rerunfilecheck/rerunfilechec
k.sty
Package: rerunfilecheck 2025-06-21 v1.11 Rerun checks for auxiliary files (HO)

(/usr/local/texlive/2026basic/texmf-dist/tex/generic/uniquecounter/uniquecounte
r.sty
Package: uniquecounter 2019/12/15 v1.4 Provide unlimited unique counter (HO)
)
Package uniquecounter Info: New unique counter `rerunfilecheck' on input line 2
84.
)
\Hy@SectionHShift=\skip60
) (/Users/kagangul2501/Library/texmf/tex/latex/natbib/natbib.sty
Package: natbib 2010/09/13 8.31b (PWD, AO)
\bibhang=\skip61
\bibsep=\skip62
LaTeX Info: Redefining \cite on input line 694.
\c@NAT@ctr=\count328
)
(/usr/local/texlive/2026basic/texmf-dist/tex/latex/l3backend/l3backend-pdftex.d
ef
File: l3backend-pdftex.def 2025-10-09 L3 backend support: PDF output (pdfTeX)
\l__color_backend_stack_int=\count329
) (./main.aux)
\openout1 = `main.aux'.

LaTeX Font Info:    Checking defaults for OML/cmm/m/it on input line 65.
LaTeX Font Info:    ... okay on input line 65.
LaTeX Font Info:    Checking defaults for OMS/cmsy/m/n on input line 65.
LaTeX Font Info:    ... okay on input line 65.
LaTeX Font Info:    Checking defaults for OT1/cmr/m/n on input line 65.
LaTeX Font Info:    ... okay on input line 65.
LaTeX Font Info:    Checking defaults for T1/cmr/m/n on input line 65.
LaTeX Font Info:    ... okay on input line 65.
LaTeX Font Info:    Checking defaults for TS1/cmr/m/n on input line 65.
LaTeX Font Info:    ... okay on input line 65.
LaTeX Font Info:    Checking defaults for OMX/cmex/m/n on input line 65.
LaTeX Font Info:    ... okay on input line 65.
LaTeX Font Info:    Checking defaults for U/cmr/m/n on input line 65.
LaTeX Font Info:    ... okay on input line 65.
LaTeX Font Info:    Checking defaults for PD1/pdf/m/n on input line 65.
LaTeX Font Info:    ... okay on input line 65.
LaTeX Font Info:    Checking defaults for PU/pdf/m/n on input line 65.
LaTeX Font Info:    ... okay on input line 65.
*geometry* driver: auto-detecting
*geometry* detected driver: pdftex
*geometry* verbose mode - [ preamble ] result:
* driver: pdftex
* paper: <default>
* layout: <same size as paper>
* layoutoffset:(h,v)=(0.0pt,0.0pt)
* modes: 
* h-part:(L,W,R)=(72.26999pt, 469.75502pt, 72.26999pt)
* v-part:(T,H,B)=(72.26999pt, 650.43001pt, 72.26999pt)
* \paperwidth=614.295pt
* \paperheight=794.96999pt
* \textwidth=469.75502pt
* \textheight=650.43001pt
* \oddsidemargin=0.0pt
* \evensidemargin=0.0pt
* \topmargin=-37.0pt
* \headheight=12.0pt
* \headsep=25.0pt
* \topskip=11.0pt
* \footskip=30.0pt
* \marginparwidth=59.0pt
* \marginparsep=10.0pt
* \columnsep=10.0pt
* \skip\footins=10.0pt plus 4.0pt minus 2.0pt
* \hoffset=0.0pt
* \voffset=0.0pt
* \mag=1000
* \@twocolumnfalse
* \@twosidefalse
* \@mparswitchfalse
* \@reversemarginfalse
* (1in=72.27pt=25.4mm, 1cm=28.453pt)

LaTeX Info: Redefining \microtypecontext on input line 65.
Package microtype Info: Applying patch `item' on input line 65.
Package microtype Info: Applying patch `toc' on input line 65.
Package microtype Info: Applying patch `eqnum' on input line 65.
Package microtype Info: Applying patch `footnote' on input line 65.
Package microtype Info: Applying patch `verbatim' on input line 65.
LaTeX Info: Redefining \microtypesetup on input line 65.
Package microtype Info: Generating PDF output.
Package microtype Info: Character protrusion enabled (level 2).
Package microtype Info: Using default protrusion set `alltext'.
Package microtype Info: Automatic font expansion enabled (level 2),
(microtype)             stretch: 20, shrink: 20, step: 1, non-selected.
Package microtype Info: Using default expansion set `alltext-nott'.
Package microtype Info: Patching command `\showhyphens'.
Package microtype Info: No adjustment of tracking.
Package microtype Info: No adjustment of interword spacing.
Package microtype Info: No adjustment of character kerning.
(/Users/kagangul2501/Library/texmf/tex/latex/microtype/mt-cmr.cfg
File: mt-cmr.cfg 2013/05/19 v2.2 microtype config. file: Computer Modern Roman 
(RS)
) (/usr/local/texlive/2026basic/texmf-dist/tex/context/base/mkii/supp-pdf.mkii
[Loading MPS to PDF converter (version 2006.09.02).]
\scratchcounter=\count330
\scratchdimen=\dimen266
\scratchbox=\box62
\nofMPsegments=\count331
\nofMParguments=\count332
\everyMPshowfont=\toks33
\MPscratchCnt=\count333
\MPscratchDim=\dimen267
\MPnumerator=\count334
\makeMPintoPDFobject=\count335
\everyMPtoPDFconversion=\toks34
)
(/usr/local/texlive/2026basic/texmf-dist/tex/latex/epstopdf-pkg/epstopdf-base.s
ty
Package: epstopdf-base 2020-01-24 v2.11 Base part for package epstopdf
Package epstopdf-base Info: Redefining graphics rule for `.eps' on input line 4
85.

(/usr/local/texlive/2026basic/texmf-dist/tex/latex/latexconfig/epstopdf-sys.cfg
File: epstopdf-sys.cfg 2010/07/13 v1.3 Configuration of (r)epstopdf for TeX Liv
e
))
Package caption Info: Begin \AtBeginDocument code.
Package caption Info: hyperref package is loaded.
Package caption Info: End \AtBeginDocument code.
Package hyperref Info: Link coloring ON on input line 65.
(./main.out) (./main.out)
\@outlinefile=\write3
\openout3 = `main.out'.

LaTeX Font Info:    Trying to load font information for U+msa on input line 67.

(/Users/kagangul2501/Library/texmf/tex/latex/amsfonts/umsa.fd
File: umsa.fd 2013/01/14 v3.01 AMS symbols A
) (/Users/kagangul2501/Library/texmf/tex/latex/microtype/mt-msa.cfg
File: mt-msa.cfg 2006/02/04 v1.1 microtype config. file: AMS symbols (a) (RS)
)
LaTeX Font Info:    Trying to load font information for U+msb on input line 67.

(/Users/kagangul2501/Library/texmf/tex/latex/amsfonts/umsb.fd
File: umsb.fd 2013/01/14 v3.01 AMS symbols B
) (/Users/kagangul2501/Library/texmf/tex/latex/microtype/mt-msb.cfg
File: mt-msb.cfg 2005/06/01 v1.0 microtype config. file: AMS symbols (b) (RS)
) [1

{/Users/kagangul2501/Library/texlive/2026basic/texmf-var/fonts/map/pdftex/updma
p/pdftex.map}]
Overfull \hbox (10.51956pt too wide) in paragraph at lines 164--178
[]\OT1/cmr/m/n/10.95 (-20) Two uncertainty-aware selective-triage strate-gies a
re there-fore com-pared. The first is a \OT1/cmr/m/it/10.95 (-20) disagreement-

 []

[2]
<figures/figure1_workflow.pdf, id=190, 602.38448pt x 242.77098pt>
File: figures/figure1_workflow.pdf Graphic file (type pdf)
<use figures/figure1_workflow.pdf>
Package pdftex.def Info: figures/figure1_workflow.pdf  used on input line 206.
(pdftex.def)             Requested size: 469.75502pt x 189.31985pt.
[3 <./figures/figure1_workflow.pdf>] [4{/usr/local/texlive/2026basic/texmf-dist
/fonts/enc/dvips/cm-super/cm-super-ts1.enc}] [5] [6]
Overfull \hbox (63.6859pt too wide) in paragraph at lines 420--421
[]\OT1/cmr/m/n/10.95 (-20) Post-hoc cal-i-bra-tion was fit-ted via three-fold c
ross-validation in-ter-nal to $\OMS/cmsy/m/n/10.95 D[]$ \OT1/cmr/m/n/10.95 (-20
) us-ing \OT1/cmtt/m/n/10.95 CalibratedClassifierCV\OT1/cmr/m/n/10.95 (-20) ;
 []

<figures/figure3_conformal_flow.pdf, id=300, 511.95769pt x 454.84428pt>
File: figures/figure3_conformal_flow.pdf Graphic file (type pdf)
<use figures/figure3_conformal_flow.pdf>
Package pdftex.def Info: figures/figure3_conformal_flow.pdf  used on input line
 464.
(pdftex.def)             Requested size: 399.29463pt x 354.75629pt.
[7]
<figures/figure4_disagreement_flow.pdf, id=316, 561.94942pt x 504.34122pt>
File: figures/figure4_disagreement_flow.pdf Graphic file (type pdf)
<use figures/figure4_disagreement_flow.pdf>
Package pdftex.def Info: figures/figure4_disagreement_flow.pdf  used on input l
ine 502.
(pdftex.def)             Requested size: 399.29463pt x 358.3618pt.
[8 <./figures/figure3_conformal_flow.pdf>] [9 <./figures/figure4_disagreement_f
low.pdf>] (./section_results.tex (./tables/table1_cohort.tex) [10]
<figures/figure2_prediction_ceiling.png, id=437, 787.743pt x 321.6015pt>
File: figures/figure2_prediction_ceiling.png Graphic file (type png)
<use figures/figure2_prediction_ceiling.png>
Package pdftex.def Info: figures/figure2_prediction_ceiling.png  used on input 
line 27.
(pdftex.def)             Requested size: 469.75502pt x 191.78464pt.
(./tables/table2_benchmark.tex) [11] [12 <./figures/figure2_prediction_ceiling.
png>]
<figures/figure7_clinical_utility_panel.png, id=465, 822.52293pt x 336.0555pt>
File: figures/figure7_clinical_utility_panel.png Graphic file (type png)
<use figures/figure7_clinical_utility_panel.png>
Package pdftex.def Info: figures/figure7_clinical_utility_panel.png  used on in
put line 50.
(pdftex.def)             Requested size: 469.75502pt x 191.92795pt.
[13 <./figures/figure7_clinical_utility_panel.png>]
LaTeX Font Info:    Trying to load font information for OMS+cmr on input line 6
6.
(/usr/local/texlive/2026basic/texmf-dist/tex/latex/base/omscmr.fd
File: omscmr.fd 2024/11/19 v2.5n Standard LaTeX font definitions
)
LaTeX Font Info:    Font shape `OMS/cmr/m/n' in size <10> not available
(Font)              Font shape `OMS/cmsy/m/n' tried instead on input line 66.
(./tables/table3_conformal.tex)
<figures/figure5_conformal_operating_curve.png, id=477, 786.38794pt x 336.0555p
t>
File: figures/figure5_conformal_operating_curve.png Graphic file (type png)
<use figures/figure5_conformal_operating_curve.png>
Package pdftex.def Info: figures/figure5_conformal_operating_curve.png  used on
 input line 75.
(pdftex.def)             Requested size: 469.75502pt x 200.74774pt.
[14 <./figures/figure5_conformal_operating_curve.png>] (./tables/table4_consens
us.tex)
<figures/figure6_consensus_tradeoff.png, id=490, 786.38794pt x 336.0555pt>
File: figures/figure6_consensus_tradeoff.png Graphic file (type png)
<use figures/figure6_consensus_tradeoff.png>
Package pdftex.def Info: figures/figure6_consensus_tradeoff.png  used on input 
line 102.
(pdftex.def)             Requested size: 469.75502pt x 200.74774pt.
[15] [16 <./figures/figure6_consensus_tradeoff.png>] (./tables/table5_shift.tex
)
<figures/figure8_shift_panel.png, id=506, 785.03287pt x 336.0555pt>
File: figures/figure8_shift_panel.png Graphic file (type png)
<use figures/figure8_shift_panel.png>
Package pdftex.def Info: figures/figure8_shift_panel.png  used on input line 13
5.
(pdftex.def)             Requested size: 469.75502pt x 201.09644pt.
[17] (./tables/table6_subgroups.tex)
<figures/figure9_subgroup_forest.png, id=515, 932.283pt x 350.5095pt>
File: figures/figure9_subgroup_forest.png Graphic file (type png)
<use figures/figure9_subgroup_forest.png>
Package pdftex.def Info: figures/figure9_subgroup_forest.png  used on input lin
e 162.
(pdftex.def)             Requested size: 469.75502pt x 176.61815pt.
[18 <./figures/figure8_shift_panel.png>] [19 <./figures/figure9_subgroup_forest
.png>]) (./section_discussion_to_appendices.tex [20] [21] [22] [23] [24] [25]
Overfull \hbox (21.74643pt too wide) in paragraph at lines 70--71
[]\OT1/cmr/m/n/10.95 (-20) Conformal se-lec-tive triage pro-vides that trans-la
-tion. It yields clin-i-cally in-ter-pretable Alert/Defer/Clear
 []

[26] (./tables/appendix_b1_tree_benchmark.tex) [27] (./tables/appendix_b2_hpo_o
verview.tex) (./tables/appendix_b3_hpo_trials.tex) (./tables/appendix_b4_featur
e_ablation.tex) (./tables/appendix_b5_secondary_horizons.tex) [28]
<figures/appendix_b1_roc_pr.png, id=633, 786.38794pt x 336.0555pt>
File: figures/appendix_b1_roc_pr.png Graphic file (type png)
<use figures/appendix_b1_roc_pr.png>
Package pdftex.def Info: figures/appendix_b1_roc_pr.png  used on input line 160
.
(pdftex.def)             Requested size: 469.75502pt x 200.74774pt.
<figures/appendix_b2_calibration_curve.png, id=634, 388.90294pt x 387.54788pt>
File: figures/appendix_b2_calibration_curve.png Graphic file (type png)
<use figures/appendix_b2_calibration_curve.png>
Package pdftex.def Info: figures/appendix_b2_calibration_curve.png  used on inp
ut line 167.
(pdftex.def)             Requested size: 469.75502pt x 468.14787pt.
<figures/appendix_b3_decision_curve.png, id=635, 533.44293pt x 337.41057pt>
File: figures/appendix_b3_decision_curve.png Graphic file (type png)
<use figures/appendix_b3_decision_curve.png>
Package pdftex.def Info: figures/appendix_b3_decision_curve.png  used on input 
line 174.
(pdftex.def)             Requested size: 469.75502pt x 297.12816pt.
(./tables/appendix_b6_disagreement_summary.tex) (./tables/appendix_b7_disagreem
ent_shift.tex) [29 <./figures/appendix_b1_roc_pr.png>] (./tables/appendix_b8_sc
ore_summary.tex) (./tables/appendix_b9_score_operating.tex) [30 <./figures/appe
ndix_b2_calibration_curve.png>] (./tables/appendix_b10_utility_focus.tex) (./ta
bles/appendix_b11_utility_policy.tex) (./tables/appendix_b12_negative_probes.te
x) [31 <./figures/appendix_b3_decision_curve.png>] [32]) (./main.bbl [33] [34] 
[35]) [36] (./main.aux)
 ***********
LaTeX2e <2025-11-01>
L3 programming layer <2026-01-19>
 ***********
Package rerunfilecheck Info: File `main.out' has not changed.
(rerunfilecheck)             Checksum: 20344B9DA23AA3B4C729075D4317360A;5895.
 ) 
Here is how much of TeX's memory you used:
 16994 strings out of 469006
 273648 string characters out of 5454814
 745666 words of memory out of 5000000
 44975 multiletter control sequences out of 15000+600000
 649366 words of font info for 225 fonts, out of 8000000 for 9000
 319 hyphenation exceptions out of 8191
 86i,14n,117p,2500b,702s stack positions out of 10000i,1000n,20000p,200000b,200000s
</Users/kagangul2501/Library/texmf/fonts/type1/public/amsfonts/cm/cmbx10.pfb>
</Users/kagangul2501/Library/texmf/fonts/type1/public/amsfonts/cm/cmbx12.pfb></
Users/kagangul2501/Library/texmf/fonts/type1/public/amsfonts/cm/cmex10.pfb></Us
ers/kagangul2501/Library/texmf/fonts/type1/public/amsfonts/cm/cmmi10.pfb></User
s/kagangul2501/Library/texmf/fonts/type1/public/amsfonts/cm/cmmi12.pfb></Users/
kagangul2501/Library/texmf/fonts/type1/public/amsfonts/cm/cmmi8.pfb></Users/kag
angul2501/Library/texmf/fonts/type1/public/amsfonts/cm/cmr10.pfb></Users/kagang
ul2501/Library/texmf/fonts/type1/public/amsfonts/cm/cmr12.pfb></Users/kagangul2
501/Library/texmf/fonts/type1/public/amsfonts/cm/cmr17.pfb></Users/kagangul2501
/Library/texmf/fonts/type1/public/amsfonts/cm/cmr8.pfb></Users/kagangul2501/Lib
rary/texmf/fonts/type1/public/amsfonts/cm/cmr9.pfb></Users/kagangul2501/Library
/texmf/fonts/type1/public/amsfonts/cm/cmss10.pfb></Users/kagangul2501/Library/t
exmf/fonts/type1/public/amsfonts/cm/cmss8.pfb></Users/kagangul2501/Library/texm
f/fonts/type1/public/amsfonts/cm/cmss9.pfb></Users/kagangul2501/Library/texmf/f
onts/type1/public/amsfonts/cm/cmssbx10.pfb></Users/kagangul2501/Library/texmf/f
onts/type1/public/amsfonts/cm/cmssi10.pfb></Users/kagangul2501/Library/texmf/fo
nts/type1/public/amsfonts/cm/cmsy10.pfb></Users/kagangul2501/Library/texmf/font
s/type1/public/amsfonts/cm/cmsy8.pfb></Users/kagangul2501/Library/texmf/fonts/t
ype1/public/amsfonts/cm/cmti10.pfb></Users/kagangul2501/Library/texmf/fonts/typ
e1/public/amsfonts/cm/cmtt10.pfb></Users/kagangul2501/Library/texmf/fonts/type1
/public/amsfonts/cm/cmtt12.pfb></Users/kagangul2501/Library/texmf/fonts/type1/p
ublic/amsfonts/cm/cmtt9.pfb></usr/local/texlive/2026basic/texmf-dist/fonts/type
1/public/cm-super/sfrm0900.pfb></usr/local/texlive/2026basic/texmf-dist/fonts/t
ype1/public/cm-super/sfrm1095.pfb>
Output written on main.pdf (36 pages, 1181283 bytes).
PDF statistics:
 815 PDF objects out of 1000 (max. 8388607)
 682 compressed objects within 7 object streams
 181 named destinations out of 1000 (max. 500000)
 42837 words of extra memory for PDF output out of 42996 (max. 10000000)

